// Jest Snapshot v1, https://goo.gl/fbAQLP

exports[`testing if Icon is rendered  1`] = `
<div>
  <svg
    data-testid="DeleteIcon"
  />
</div>
`;

exports[`testing if button is rendered  1`] = `
<div>
  <button
    className="button"
    color="primary"
  >
    btnText
  </button>
</div>
`;

exports[`testing if navbar is rendered  1`] = `
<div>
  <div
    className="pos-f-t"
  >
    <div
      className="collapse"
      id="navbarToggleExternalContent"
    >
      <div
        className="bg-dark p-4"
      >
        <h4
          className="text-white"
        >
          Home
        </h4>
      </div>
    </div>
    <nav
      className="navbar navbar-dark bg-dark"
    >
      <button
        aria-controls="navbarToggleExternalContent"
        aria-expanded="false"
        aria-label="Toggle navigation"
        className="navbar-toggler"
        data-target="#navbarToggleExternalContent"
        data-toggle="collapse"
        type="button"
      >
        <span
          className="navbar-toggler-icon"
        />
      </button>
    </nav>
  </div>
</div>
`;
